// Jest Snapshot v1, https://goo.gl/fbAQLP

exports[`Snapshot tests for Loading Snapshot: Component - Loading 1`] = `
<DocumentFragment>
  <div
    data-oj-binding-provider="preact"
  >
    <div
      class="loading-container"
    >
      <div
        class="wrapper"
      >
        <div
          class="heart"
        >
          <div />
        </div>
      </div>
    </div>
  </div>
  <div
    id="__oj_layerhost_container"
  />
</DocumentFragment>
`;
