// Jest Snapshot v1, https://goo.gl/fbAQLP

exports[`Snapshot tests for Legend Snapshot: Component - Legend 1`] = `
<DocumentFragment>
  <div
    data-oj-binding-provider="preact"
  >
    <oj-legend
      class="oj-dvtbase oj-legend oj-component-initnode oj-complete"
    >
      <template
        slot="itemTemplate"
      />
      <div
        style="visibility: hidden;"
      />
      <svg
        height="100%"
        width="100%"
      >
        <defs />
        <g
          cursor="default"
          font-family="-apple-system,BlinkMacSystemFont,'Segoe UI','Helvetica Neue',Arial,sans-serif"
          font-size="12px"
          font-weight="400"
        >
          <g>
            <g>
              <rect
                fill="rgba(0,0,0,0)"
                height="120"
                width="100"
              />
              <g>
                <g />
              </g>
            </g>
          </g>
        </g>
      </svg>
    </oj-legend>
  </div>
  <div
    id="__oj_layerhost_container"
  />
</DocumentFragment>
`;
