// Jest Snapshot v1, https://goo.gl/fbAQLP

exports[`Snapshot tests for EncounterList Snapshot: Component - EncounterList 1`] = `
<DocumentFragment>
  <div
    data-oj-binding-provider="preact"
  >
    <oj-list-view
      class="oj-listview oj-listview-container oj-component oj-listview-gridlines-hidden oj-complete gridline-top-hidden gridline-bottom-hidden"
    >
      <div
        class="oj-helper-detect-contraction"
      >
        <div
          style="width: 200%; height: 200%;"
        />
      </div>
      <div
        class="oj-helper-detect-expansion"
      >
        <div />
      </div>
      <div
        class="oj-helper-hidden-accessible"
        tabindex="-1"
      >
        Â 
      </div>
      <ul
        aria-busy="false"
        aria-label="list of encounters"
        aria-multiselectable="false"
        aria-rowcount="7"
        class="oj-listview-element oj-component-initnode"
        data-oj-context=""
        data-oj-internal=""
        role="grid"
        tabindex="0"
        x-ms-format-detection="none"
      >
        <li
          aria-rowindex="1"
          class="oj-listview-focused-element oj-listview-item-element oj-listview-item oj-listview-item-layout"
          role="row"
        >
          <div
            aria-selected="false"
            class="oj-listview-cell-element"
            role="gridcell"
          >
            <oj-list-item-layout
              class="oj-complete"
              data-oj-vdom-template-root=""
            >
              <div
                class="oj-listitemlayout-grid"
              >
                <div
                  class="oj-listitemlayout-textslots"
                >
                  <div
                    data-oj-tabmod="0"
                    tabindex="-1"
                  >
                    <div
                      class="oj-typography-body-md"
                    >
                      Choroidal hemorrhage
                    </div>
                  </div>
                  <div
                    data-oj-tabmod="0"
                    tabindex="-1"
                  >
                    <div
                      class="oj-typography-body-sm"
                      slot="secondary"
                    >
                      162673000
                    </div>
                  </div>
                  <div
                    class="oj-listitemlayout-tertiary"
                    data-oj-tabmod="0"
                    tabindex="-1"
                  >
                    <div
                      class="oj-typography-body-xs oj-text-color-secondary"
                      slot="tertiary"
                    >
                      Dr. Foo
                    </div>
                  </div>
                </div>
                <div
                  class="oj-listitemlayout-extra"
                >
                  <div
                    class="oj-listitemlayout-action oj-listitemlayout-start-padding"
                    data-oj-clickthrough="disabled"
                  >
                    <div
                      class=""
                      slot="action"
                    />
                  </div>
                </div>
              </div>
            </oj-list-item-layout>
          </div>
        </li>
        <li
          aria-rowindex="2"
          class="oj-listview-focused-element oj-listview-item-element oj-listview-item oj-listview-item-layout"
          role="row"
        >
          <div
            aria-selected="false"
            class="oj-listview-cell-element"
            role="gridcell"
          >
            <oj-list-item-layout
              class="oj-complete"
              data-oj-vdom-template-root=""
            >
              <div
                class="oj-listitemlayout-grid"
              >
                <div
                  class="oj-listitemlayout-textslots"
                >
                  <div
                    data-oj-tabmod="0"
                    tabindex="-1"
                  >
                    <div
                      class="oj-typography-body-md"
                    >
                      Choroidal hemorrhage
                    </div>
                  </div>
                  <div
                    data-oj-tabmod="0"
                    tabindex="-1"
                  >
                    <div
                      class="oj-typography-body-sm"
                      slot="secondary"
                    >
                      162673000
                    </div>
                  </div>
                  <div
                    class="oj-listitemlayout-tertiary"
                    data-oj-tabmod="0"
                    tabindex="-1"
                  >
                    <div
                      class="oj-typography-body-xs oj-text-color-secondary"
                      slot="tertiary"
                    >
                      Dr. Bar
                    </div>
                  </div>
                </div>
                <div
                  class="oj-listitemlayout-extra"
                >
                  <div
                    class="oj-listitemlayout-action oj-listitemlayout-start-padding"
                    data-oj-clickthrough="disabled"
                  >
                    <div
                      class=""
                      slot="action"
                    />
                  </div>
                </div>
              </div>
            </oj-list-item-layout>
          </div>
        </li>
        <li
          aria-rowindex="3"
          class="oj-listview-focused-element oj-listview-item-element oj-listview-item oj-listview-item-layout"
          role="row"
        >
          <div
            aria-selected="false"
            class="oj-listview-cell-element"
            role="gridcell"
          >
            <oj-list-item-layout
              class="oj-complete"
              data-oj-vdom-template-root=""
            >
              <div
                class="oj-listitemlayout-grid"
              >
                <div
                  class="oj-listitemlayout-textslots"
                >
                  <div
                    data-oj-tabmod="0"
                    tabindex="-1"
                  >
                    <div
                      class="oj-typography-body-md"
                    >
                      Choroidal hemorrhage
                    </div>
                  </div>
                  <div
                    data-oj-tabmod="0"
                    tabindex="-1"
                  >
                    <div
                      class="oj-typography-body-sm"
                      slot="secondary"
                    >
                      162673000
                    </div>
                  </div>
                  <div
                    class="oj-listitemlayout-tertiary"
                    data-oj-tabmod="0"
                    tabindex="-1"
                  >
                    <div
                      class="oj-typography-body-xs oj-text-color-secondary"
                      slot="tertiary"
                    >
                      Dr. Jonah
                    </div>
                  </div>
                </div>
                <div
                  class="oj-listitemlayout-extra"
                >
                  <div
                    class="oj-listitemlayout-action oj-listitemlayout-start-padding"
                    data-oj-clickthrough="disabled"
                  >
                    <div
                      class=""
                      slot="action"
                    />
                  </div>
                </div>
              </div>
            </oj-list-item-layout>
          </div>
        </li>
        <li
          aria-rowindex="4"
          class="oj-listview-focused-element oj-listview-item-element oj-listview-item oj-listview-item-layout"
          role="row"
        >
          <div
            aria-selected="false"
            class="oj-listview-cell-element"
            role="gridcell"
          >
            <oj-list-item-layout
              class="oj-complete"
              data-oj-vdom-template-root=""
            >
              <div
                class="oj-listitemlayout-grid"
              >
                <div
                  class="oj-listitemlayout-textslots"
                >
                  <div
                    data-oj-tabmod="0"
                    tabindex="-1"
                  >
                    <div
                      class="oj-typography-body-md"
                    >
                      Choroidal hemorrhage
                    </div>
                  </div>
                  <div
                    data-oj-tabmod="0"
                    tabindex="-1"
                  >
                    <div
                      class="oj-typography-body-sm"
                      slot="secondary"
                    >
                      162673000
                    </div>
                  </div>
                  <div
                    class="oj-listitemlayout-tertiary"
                    data-oj-tabmod="0"
                    tabindex="-1"
                  >
                    <div
                      class="oj-typography-body-xs oj-text-color-secondary"
                      slot="tertiary"
                    >
                      Dr. Zeus
                    </div>
                  </div>
                </div>
                <div
                  class="oj-listitemlayout-extra"
                >
                  <div
                    class="oj-listitemlayout-action oj-listitemlayout-start-padding"
                    data-oj-clickthrough="disabled"
                  >
                    <div
                      class=""
                      slot="action"
                    />
                  </div>
                </div>
              </div>
            </oj-list-item-layout>
          </div>
        </li>
        <li
          aria-rowindex="5"
          class="oj-listview-focused-element oj-listview-item-element oj-listview-item oj-listview-item-layout"
          role="row"
        >
          <div
            aria-selected="false"
            class="oj-listview-cell-element"
            role="gridcell"
          >
            <oj-list-item-layout
              class="oj-complete"
              data-oj-vdom-template-root=""
            >
              <div
                class="oj-listitemlayout-grid"
              >
                <div
                  class="oj-listitemlayout-textslots"
                >
                  <div
                    data-oj-tabmod="0"
                    tabindex="-1"
                  >
                    <div
                      class="oj-typography-body-md"
                    >
                      Choroidal hemorrhage
                    </div>
                  </div>
                  <div
                    data-oj-tabmod="0"
                    tabindex="-1"
                  >
                    <div
                      class="oj-typography-body-sm"
                      slot="secondary"
                    >
                      162673000
                    </div>
                  </div>
                  <div
                    class="oj-listitemlayout-tertiary"
                    data-oj-tabmod="0"
                    tabindex="-1"
                  >
                    <div
                      class="oj-typography-body-xs oj-text-color-secondary"
                      slot="tertiary"
                    >
                      Dr. Bar
                    </div>
                  </div>
                </div>
                <div
                  class="oj-listitemlayout-extra"
                >
                  <div
                    class="oj-listitemlayout-action oj-listitemlayout-start-padding"
                    data-oj-clickthrough="disabled"
                  >
                    <div
                      class=""
                      slot="action"
                    />
                  </div>
                </div>
              </div>
            </oj-list-item-layout>
          </div>
        </li>
        <li
          aria-rowindex="6"
          class="oj-listview-focused-element oj-listview-item-element oj-listview-item oj-listview-item-layout"
          role="row"
        >
          <div
            aria-selected="false"
            class="oj-listview-cell-element"
            role="gridcell"
          >
            <oj-list-item-layout
              class="oj-complete"
              data-oj-vdom-template-root=""
            >
              <div
                class="oj-listitemlayout-grid"
              >
                <div
                  class="oj-listitemlayout-textslots"
                >
                  <div
                    data-oj-tabmod="0"
                    tabindex="-1"
                  >
                    <div
                      class="oj-typography-body-md"
                    >
                      Choroidal hemorrhage
                    </div>
                  </div>
                  <div
                    data-oj-tabmod="0"
                    tabindex="-1"
                  >
                    <div
                      class="oj-typography-body-sm"
                      slot="secondary"
                    >
                      162673000
                    </div>
                  </div>
                  <div
                    class="oj-listitemlayout-tertiary"
                    data-oj-tabmod="0"
                    tabindex="-1"
                  >
                    <div
                      class="oj-typography-body-xs oj-text-color-secondary"
                      slot="tertiary"
                    >
                      Dr. Jonah
                    </div>
                  </div>
                </div>
                <div
                  class="oj-listitemlayout-extra"
                >
                  <div
                    class="oj-listitemlayout-action oj-listitemlayout-start-padding"
                    data-oj-clickthrough="disabled"
                  >
                    <div
                      class=""
                      slot="action"
                    />
                  </div>
                </div>
              </div>
            </oj-list-item-layout>
          </div>
        </li>
        <li
          aria-rowindex="7"
          class="oj-listview-focused-element oj-listview-item-element oj-listview-item oj-listview-item-layout"
          role="row"
        >
          <div
            aria-selected="false"
            class="oj-listview-cell-element"
            role="gridcell"
          >
            <oj-list-item-layout
              class="oj-complete"
              data-oj-vdom-template-root=""
            >
              <div
                class="oj-listitemlayout-grid"
              >
                <div
                  class="oj-listitemlayout-textslots"
                >
                  <div
                    data-oj-tabmod="0"
                    tabindex="-1"
                  >
                    <div
                      class="oj-typography-body-md"
                    >
                      Choroidal hemorrhage
                    </div>
                  </div>
                  <div
                    data-oj-tabmod="0"
                    tabindex="-1"
                  >
                    <div
                      class="oj-typography-body-sm"
                      slot="secondary"
                    >
                      162673000
                    </div>
                  </div>
                  <div
                    class="oj-listitemlayout-tertiary"
                    data-oj-tabmod="0"
                    tabindex="-1"
                  >
                    <div
                      class="oj-typography-body-xs oj-text-color-secondary"
                      slot="tertiary"
                    >
                      Dr. Zeus
                    </div>
                  </div>
                </div>
                <div
                  class="oj-listitemlayout-extra"
                >
                  <div
                    class="oj-listitemlayout-action oj-listitemlayout-start-padding"
                    data-oj-clickthrough="disabled"
                  >
                    <div
                      class=""
                      slot="action"
                    />
                  </div>
                </div>
              </div>
            </oj-list-item-layout>
          </div>
        </li>
        <li
          class="oj-listview-skeleton-container"
          role="presentation"
          style="visibility: hidden;"
        >
          <ul
            class="oj-listview-group"
            role="presentation"
          >
            <li
              class="oj-listview-item oj-listview-item-layout gridline-hidden"
              role="presentation"
            >
              <div
                class="oj-listview-cell-element oj-listview-skeleton oj-listview-skeleton-line-height oj-animation-skeleton"
              />
            </li>
            <li
              class="oj-listview-item oj-listview-item-layout gridline-hidden"
              role="presentation"
            >
              <div
                class="oj-listview-cell-element oj-listview-skeleton oj-listview-skeleton-line-height oj-animation-skeleton"
              />
            </li>
            <li
              class="oj-listview-item oj-listview-item-layout gridline-hidden"
              role="presentation"
            >
              <div
                class="oj-listview-cell-element oj-listview-skeleton oj-listview-skeleton-line-height oj-animation-skeleton"
              />
            </li>
          </ul>
        </li>
      </ul>
      <template
        slot="itemTemplate"
      />
      <div
        class="oj-listview-status-message oj-listview-status"
        role="status"
        style="display: none;"
      >
        <div
          class="oj-icon oj-listview-loading-icon"
        />
      </div>
      <div
        class="oj-helper-hidden-accessible"
        role="status"
        tabindex="-1"
      />
      <div
        class="oj-helper-hidden-accessible"
      >
        Use arrow keys to expand and collapse.
      </div>
    </oj-list-view>
  </div>
  <div
    id="__oj_layerhost_container"
  />
</DocumentFragment>
`;
