// Jest Snapshot v1, https://goo.gl/fbAQLP

exports[`Snapshot tests for Provider: InfoPanel Snapshot: Component - Provider: InfoPanel 1`] = `
<DocumentFragment>
  <div
    data-oj-binding-provider="preact"
  >
    <div
      class="oj-panel oj-panel-shadow-sm"
    >
      <div
        class="oj-sm-margin-3x"
      >
        <div
          class="provider-profile"
        >
          <div
            class="oj-flex-bar oj-sm-margin-8x-bottom"
          >
            <span
              class="oj-flex-bar-start oj-badge oj-badge-subtle oj-badge-info"
            >
              Your Profile
            </span>
          </div>
          <div
            class="person oj-flex oj-sm-flex-direction-column oj-sm-margin-4x-bottom"
          >
            <oj-c-avatar
              class="oj-flex-item oj-sm-margin-5x-bottom oj-complete"
              role="img"
            >
              <div
                aria-label="Avatar of FirstName + LastName"
                class="x4exih oj-c-avatar-bg-pink oj-c-avatar-2xl"
                role="img"
              >
                <div
                  aria-hidden="true"
                  class="k1vxov _1fma8t6 _1lhcr86 u5bbjp"
                />
              </div>
            </oj-c-avatar>
            <span
              class="oj-typography-heading-md oj-flex-item"
            >
               
            </span>
            <span
              class="oj-typography-semi-bold oj-typography-body-md oj-text-color-secondary oj-flex-item"
            />
            <div
              class="oj-flex-item"
            >
              <oj-picto-chart
                class="oj-dvtbase oj-pictochart oj-component-initnode oj-complete"
              >
                <div
                  class="oj-helper-detect-contraction"
                >
                  <div
                    style="width: 200%; height: 200%;"
                  />
                </div>
                <div
                  class="oj-helper-detect-expansion"
                >
                  <div />
                </div>
                <template
                  slot="itemTemplate"
                />
                <div
                  style="visibility: hidden;"
                />
                <svg
                  height="100%"
                  width="100%"
                >
                  <defs />
                  <g
                    cursor="default"
                    font-family="-apple-system,BlinkMacSystemFont,'Segoe UI','Helvetica Neue',Arial,sans-serif"
                    font-size="12px"
                    font-weight="400"
                  >
                    <g />
                  </g>
                </svg>
              </oj-picto-chart>
            </div>
          </div>
          <div
            class="contact"
          >
            <oj-form-layout
              class="oj-form-layout oj-complete oj-formlayout-max-cols-1"
            >
              <div
                class="oj-form oj-enabled oj-efficient oj-form-cols oj-formlayout-form-across"
                data-oj-context=""
                data-oj-formlayout-bonus-dom=""
                data-oj-internal=""
                style="column-count: 1; webkit-column-count: 1;"
              >
                <div
                  class="oj-helper-detect-contraction"
                >
                  <div
                    style="width: 200%; height: 200%;"
                  />
                </div>
                <div
                  class="oj-helper-detect-expansion"
                >
                  <div />
                </div>
                <div
                  class="oj-flex"
                  data-oj-formlayout-bonus-dom=""
                  data-oj-internal=""
                >
                  <div
                    class="oj-flex-item oj-formlayout-no-label-flex-item oj-formlayout-nested-labelvalue"
                    data-oj-formlayout-bonus-dom=""
                    data-oj-internal=""
                    style="flex-grow: 1; flex-shrink: 1; max-width: calc(((100% / 1) - ((var(--oj-form-layout-column-gutter) * (0) / 1))));"
                  >
                    <oj-label-value
                      class="oj-label-value oj-form oj-form-control-label-inside oj-formlayout-form-across oj-complete"
                      data-oj-colspan="1"
                      data-oj-column-gap="var(--oj-form-layout-column-gutter)"
                    >
                      <div
                        class="oj-flex"
                        data-oj-context=""
                        data-oj-internal=""
                      >
                        <div
                          class="oj-flex-item"
                          data-oj-context=""
                          data-oj-internal=""
                          style="flex-grow: 0; flex-shrink: 1; flex-basis: 100%; width: 100%; max-width: 100%;"
                        >
                          <oj-label
                            class="oj-label oj-component oj-complete"
                            label-id="f20"
                            slot="label"
                          >
                            <div
                              class="oj-label-group"
                            >
                              <label
                                class="oj-component-initnode"
                                data-oj-internal=""
                              >
                                Email
                              </label>
                            </div>
                          </oj-label>
                        </div>
                        <div
                          class="oj-flex-item"
                          data-oj-context=""
                          data-oj-internal=""
                          style="flex: 1 1 0px;"
                        >
                          <a
                            slot="value"
                          />
                        </div>
                      </div>
                    </oj-label-value>
                  </div>
                </div>
                <div
                  class="oj-flex"
                  data-oj-formlayout-bonus-dom=""
                  data-oj-internal=""
                >
                  <div
                    class="oj-flex-item oj-formlayout-no-label-flex-item oj-formlayout-nested-labelvalue"
                    data-oj-formlayout-bonus-dom=""
                    data-oj-internal=""
                    style="flex-grow: 1; flex-shrink: 1; max-width: calc(((100% / 1) - ((var(--oj-form-layout-column-gutter) * (0) / 1))));"
                  >
                    <oj-label-value
                      class="oj-label-value oj-form oj-form-control-label-inside oj-formlayout-form-across oj-complete"
                      data-oj-colspan="1"
                      data-oj-column-gap="var(--oj-form-layout-column-gutter)"
                    >
                      <div
                        class="oj-flex"
                        data-oj-context=""
                        data-oj-internal=""
                      >
                        <div
                          class="oj-flex-item"
                          data-oj-context=""
                          data-oj-internal=""
                          style="flex-grow: 0; flex-shrink: 1; flex-basis: 100%; width: 100%; max-width: 100%;"
                        >
                          <oj-label
                            class="oj-label oj-component oj-complete"
                            label-id="f20"
                            slot="label"
                          >
                            <div
                              class="oj-label-group"
                            >
                              <label
                                class="oj-component-initnode"
                                data-oj-internal=""
                              >
                                Phone
                              </label>
                            </div>
                          </oj-label>
                        </div>
                        <div
                          class="oj-flex-item"
                          data-oj-context=""
                          data-oj-internal=""
                          style="flex: 1 1 0px;"
                        >
                          <a
                            slot="value"
                          />
                        </div>
                      </div>
                    </oj-label-value>
                  </div>
                </div>
                <div
                  class="oj-flex"
                  data-oj-formlayout-bonus-dom=""
                  data-oj-internal=""
                >
                  <div
                    class="oj-flex-item oj-formlayout-no-label-flex-item oj-formlayout-nested-labelvalue"
                    data-oj-formlayout-bonus-dom=""
                    data-oj-internal=""
                    style="flex-grow: 1; flex-shrink: 1; max-width: calc(((100% / 1) - ((var(--oj-form-layout-column-gutter) * (0) / 1))));"
                  >
                    <oj-label-value
                      class="oj-label-value oj-form oj-form-control-label-inside oj-formlayout-form-across oj-complete"
                      data-oj-colspan="1"
                      data-oj-column-gap="var(--oj-form-layout-column-gutter)"
                    >
                      <div
                        class="oj-flex"
                        data-oj-context=""
                        data-oj-internal=""
                      >
                        <div
                          class="oj-flex-item"
                          data-oj-context=""
                          data-oj-internal=""
                          style="flex-grow: 0; flex-shrink: 1; flex-basis: 100%; width: 100%; max-width: 100%;"
                        >
                          <oj-label
                            class="oj-label oj-component oj-complete"
                            label-id="f20"
                            slot="label"
                          >
                            <div
                              class="oj-label-group"
                            >
                              <label
                                class="oj-component-initnode"
                                data-oj-internal=""
                              >
                                Facility
                              </label>
                            </div>
                          </oj-label>
                        </div>
                        <div
                          class="oj-flex-item"
                          data-oj-context=""
                          data-oj-internal=""
                          style="flex: 1 1 0px;"
                        >
                          <span
                            class="oj-text-color-primary"
                            slot="value"
                          />
                        </div>
                      </div>
                    </oj-label-value>
                  </div>
                </div>
                <div
                  class="oj-flex"
                  data-oj-formlayout-bonus-dom=""
                  data-oj-internal=""
                >
                  <div
                    class="oj-flex-item oj-formlayout-no-label-flex-item oj-formlayout-nested-labelvalue"
                    data-oj-formlayout-bonus-dom=""
                    data-oj-internal=""
                    style="flex-grow: 1; flex-shrink: 1; max-width: calc(((100% / 1) - ((var(--oj-form-layout-column-gutter) * (0) / 1))));"
                  >
                    <oj-label-value
                      class="oj-label-value oj-form oj-form-control-label-inside oj-formlayout-form-across oj-complete"
                      data-oj-colspan="1"
                      data-oj-column-gap="var(--oj-form-layout-column-gutter)"
                    >
                      <div
                        class="oj-flex"
                        data-oj-context=""
                        data-oj-internal=""
                      >
                        <div
                          class="oj-flex-item"
                          data-oj-context=""
                          data-oj-internal=""
                          style="flex-grow: 0; flex-shrink: 1; flex-basis: 100%; width: 100%; max-width: 100%;"
                        >
                          <oj-label
                            class="oj-label oj-component oj-complete"
                            label-id="f20"
                            slot="label"
                          >
                            <div
                              class="oj-label-group"
                            >
                              <label
                                class="oj-component-initnode"
                                data-oj-internal=""
                              >
                                Address
                              </label>
                            </div>
                          </oj-label>
                        </div>
                        <div
                          class="oj-flex-item"
                          data-oj-context=""
                          data-oj-internal=""
                          style="flex: 1 1 0px;"
                        >
                          <span
                            class="oj-text-color-primary"
                            slot="value"
                          />
                        </div>
                      </div>
                    </oj-label-value>
                  </div>
                </div>
                <div
                  data-oj-formlayout-workaround-dom=""
                  style="display: table; visibility: hidden;"
                />
              </div>
            </oj-form-layout>
          </div>
        </div>
      </div>
    </div>
  </div>
  <div
    id="__oj_layerhost_container"
  />
</DocumentFragment>
`;
