// Jest Snapshot v1, https://goo.gl/fbAQLP

exports[`Snapshot tests for Spinner (Heart) Snapshot: Component - Spinner (Heart) 1`] = `
<DocumentFragment>
  <div
    data-oj-binding-provider="preact"
  >
    <div
      class="heart"
    >
      <div />
    </div>
  </div>
  <div
    id="__oj_layerhost_container"
  />
</DocumentFragment>
`;
