// Jest Snapshot v1, https://goo.gl/fbAQLP

exports[`Snapshot tests for CreateEncounter Snapshot: Component - CreateEncounter 1`] = `
<DocumentFragment>
  <div
    data-oj-binding-provider="preact"
  >
    <div>
      <oj-surrogate
        class="oj-component-initnode oj-complete"
        data-oj-binding-provider="none"
      />
    </div>
  </div>
  <div
    id="__oj_layerhost_container"
  />
</DocumentFragment>
`;
